2025-11-27T00:27:28.750-05:00  INFO 15528 --- [SysVentas] [SpringApplicationShutdownHook] j.LocalContainerEntityManagerFactoryBean : Closing JPA EntityManagerFactory for persistence unit 'default'
2025-11-27T00:27:28.759-05:00  INFO 15528 --- [SysVentas] [SpringApplicationShutdownHook] com.zaxxer.hikari.HikariDataSource       : HikariPool-1 - Shutdown initiated...
2025-11-27T00:27:28.762-05:00  INFO 15528 --- [SysVentas] [SpringApplicationShutdownHook] com.zaxxer.hikari.HikariDataSource       : HikariPool-1 - Shutdown completed.
2025-11-27T00:27:55.507-05:00  INFO 17816 --- [SysVentas] [JavaFX-Launcher] o.s.boot.SpringApplication               : Starting application using Java 17.0.17 with PID 17816 (started by user in C:\Users\user\Downloads\Trabajo-Unidad-01-usuario-dev-User\Trabajo-Unidad-01-usuario-dev-User\SysVentas)
2025-11-27T00:27:55.516-05:00  INFO 17816 --- [SysVentas] [JavaFX-Launcher] o.s.boot.SpringApplication               : No active profile set, falling back to 1 default profile: "default"
2025-11-27T00:27:57.032-05:00  INFO 17816 --- [SysVentas] [JavaFX-Launcher] .s.d.r.c.RepositoryConfigurationDelegate : Bootstrapping Spring Data JPA repositories in DEFAULT mode.
2025-11-27T00:27:57.248-05:00  INFO 17816 --- [SysVentas] [JavaFX-Launcher] .s.d.r.c.RepositoryConfigurationDelegate : Finished Spring Data repository scanning in 186 ms. Found 16 JPA repository interfaces.
2025-11-27T00:27:58.144-05:00  INFO 17816 --- [SysVentas] [JavaFX-Launcher] o.hibernate.jpa.internal.util.LogHelper  : HHH000204: Processing PersistenceUnitInfo [name: default]
2025-11-27T00:27:58.259-05:00  INFO 17816 --- [SysVentas] [JavaFX-Launcher] org.hibernate.Version                    : HHH000412: Hibernate ORM core version 6.6.29.Final
2025-11-27T00:27:58.299-05:00  INFO 17816 --- [SysVentas] [JavaFX-Launcher] o.h.c.internal.RegionFactoryInitiator    : HHH000026: Second-level cache disabled
2025-11-27T00:27:58.756-05:00  INFO 17816 --- [SysVentas] [JavaFX-Launcher] o.s.o.j.p.SpringPersistenceUnitInfo      : No LoadTimeWeaver setup: ignoring JPA class transformer
2025-11-27T00:27:58.815-05:00  INFO 17816 --- [SysVentas] [JavaFX-Launcher] com.zaxxer.hikari.HikariDataSource       : HikariPool-1 - Starting...
2025-11-27T00:27:59.221-05:00  INFO 17816 --- [SysVentas] [JavaFX-Launcher] com.zaxxer.hikari.pool.HikariPool        : HikariPool-1 - Added connection org.sqlite.jdbc4.JDBC4Connection@174ea27
2025-11-27T00:27:59.223-05:00  INFO 17816 --- [SysVentas] [JavaFX-Launcher] com.zaxxer.hikari.HikariDataSource       : HikariPool-1 - Start completed.
2025-11-27T00:27:59.271-05:00  INFO 17816 --- [SysVentas] [JavaFX-Launcher] org.hibernate.orm.connections.pooling    : HHH10001005: Database info:
	Database JDBC URL [Connecting through datasource 'HikariDataSource (HikariPool-1)']
	Database driver: undefined/unknown
	Database version: 3.46
	Autocommit mode: undefined/unknown
	Isolation level: undefined/unknown
	Minimum pool size: undefined/unknown
	Maximum pool size: undefined/unknown
2025-11-27T00:28:01.257-05:00  INFO 17816 --- [SysVentas] [JavaFX-Launcher] o.h.e.t.j.p.i.JtaPlatformInitiator       : HHH000489: No JTA platform available (set 'hibernate.transaction.jta.platform' to enable JTA platform integration)
2025-11-27T00:28:01.310-05:00  INFO 17816 --- [SysVentas] [JavaFX-Launcher] j.LocalContainerEntityManagerFactoryBean : Initialized JPA EntityManagerFactory for persistence unit 'default'
2025-11-27T00:28:01.846-05:00  INFO 17816 --- [SysVentas] [JavaFX-Launcher] o.s.d.j.r.query.QueryEnhancerFactory     : Hibernate is in classpath; If applicable, HQL parser will be used.
2025-11-27T00:28:03.339-05:00  INFO 17816 --- [SysVentas] [JavaFX-Launcher] o.s.boot.SpringApplication               : Started application in 8.909 seconds (process running for 9.96)
2025-11-27T01:00:24.829-05:00  WARN 17816 --- [SysVentas] [JavaFX Application Thread] javafx.css                               : CSS Error parsing '*{-fx-font-style: 22px; -fx-font-weight: bold; -fx-text-fill: #1E90FF;}: Expected '<font-style>' while parsing '-fx-font-style' at [1,18]
2025-11-27T01:19:49.386-05:00  INFO 17816 --- [SysVentas] [SpringApplicationShutdownHook] j.LocalContainerEntityManagerFactoryBean : Closing JPA EntityManagerFactory for persistence unit 'default'
2025-11-27T01:19:49.391-05:00  INFO 17816 --- [SysVentas] [SpringApplicationShutdownHook] com.zaxxer.hikari.HikariDataSource       : HikariPool-1 - Shutdown initiated...
2025-11-27T01:19:49.394-05:00  INFO 17816 --- [SysVentas] [SpringApplicationShutdownHook] com.zaxxer.hikari.HikariDataSource       : HikariPool-1 - Shutdown completed.
2025-11-27T01:24:30.249-05:00  INFO 13336 --- [SysVentas] [JavaFX-Launcher] o.s.boot.SpringApplication               : Starting application using Java 17.0.17 with PID 13336 (started by user in C:\Users\user\Downloads\Trabajo-Unidad-01-usuario-dev-User\Trabajo-Unidad-01-usuario-dev-User\SysVentas)
2025-11-27T01:24:30.258-05:00  INFO 13336 --- [SysVentas] [JavaFX-Launcher] o.s.boot.SpringApplication               : No active profile set, falling back to 1 default profile: "default"
2025-11-27T01:24:31.817-05:00  INFO 13336 --- [SysVentas] [JavaFX-Launcher] .s.d.r.c.RepositoryConfigurationDelegate : Bootstrapping Spring Data JPA repositories in DEFAULT mode.
2025-11-27T01:24:32.014-05:00  INFO 13336 --- [SysVentas] [JavaFX-Launcher] .s.d.r.c.RepositoryConfigurationDelegate : Finished Spring Data repository scanning in 173 ms. Found 16 JPA repository interfaces.
2025-11-27T01:24:32.897-05:00  INFO 13336 --- [SysVentas] [JavaFX-Launcher] o.hibernate.jpa.internal.util.LogHelper  : HHH000204: Processing PersistenceUnitInfo [name: default]
2025-11-27T01:24:32.982-05:00  INFO 13336 --- [SysVentas] [JavaFX-Launcher] org.hibernate.Version                    : HHH000412: Hibernate ORM core version 6.6.29.Final
2025-11-27T01:24:33.020-05:00  INFO 13336 --- [SysVentas] [JavaFX-Launcher] o.h.c.internal.RegionFactoryInitiator    : HHH000026: Second-level cache disabled
2025-11-27T01:24:33.641-05:00  INFO 13336 --- [SysVentas] [JavaFX-Launcher] o.s.o.j.p.SpringPersistenceUnitInfo      : No LoadTimeWeaver setup: ignoring JPA class transformer
2025-11-27T01:24:33.707-05:00  INFO 13336 --- [SysVentas] [JavaFX-Launcher] com.zaxxer.hikari.HikariDataSource       : HikariPool-1 - Starting...
2025-11-27T01:24:34.025-05:00  INFO 13336 --- [SysVentas] [JavaFX-Launcher] com.zaxxer.hikari.pool.HikariPool        : HikariPool-1 - Added connection org.sqlite.jdbc4.JDBC4Connection@62068ccd
2025-11-27T01:24:34.028-05:00  INFO 13336 --- [SysVentas] [JavaFX-Launcher] com.zaxxer.hikari.HikariDataSource       : HikariPool-1 - Start completed.
2025-11-27T01:24:34.096-05:00  INFO 13336 --- [SysVentas] [JavaFX-Launcher] org.hibernate.orm.connections.pooling    : HHH10001005: Database info:
	Database JDBC URL [Connecting through datasource 'HikariDataSource (HikariPool-1)']
	Database driver: undefined/unknown
	Database version: 3.46
	Autocommit mode: undefined/unknown
	Isolation level: undefined/unknown
	Minimum pool size: undefined/unknown
	Maximum pool size: undefined/unknown
2025-11-27T01:24:36.017-05:00  INFO 13336 --- [SysVentas] [JavaFX-Launcher] o.h.e.t.j.p.i.JtaPlatformInitiator       : HHH000489: No JTA platform available (set 'hibernate.transaction.jta.platform' to enable JTA platform integration)
2025-11-27T01:24:36.072-05:00  INFO 13336 --- [SysVentas] [JavaFX-Launcher] j.LocalContainerEntityManagerFactoryBean : Initialized JPA EntityManagerFactory for persistence unit 'default'
2025-11-27T01:24:36.620-05:00  INFO 13336 --- [SysVentas] [JavaFX-Launcher] o.s.d.j.r.query.QueryEnhancerFactory     : Hibernate is in classpath; If applicable, HQL parser will be used.
2025-11-27T01:24:38.184-05:00  INFO 13336 --- [SysVentas] [JavaFX-Launcher] o.s.boot.SpringApplication               : Started application in 9.074 seconds (process running for 10.171)
2025-11-27T01:25:01.735-05:00  WARN 13336 --- [SysVentas] [JavaFX Application Thread] javafx.css                               : CSS Error parsing '*{-fx-font-style: 22px; -fx-font-weight: bold; -fx-text-fill: #1E90FF;}: Expected '<font-style>' while parsing '-fx-font-style' at [1,18]
2025-11-27T01:26:43.197-05:00  INFO 13336 --- [SysVentas] [SpringApplicationShutdownHook] j.LocalContainerEntityManagerFactoryBean : Closing JPA EntityManagerFactory for persistence unit 'default'
2025-11-27T01:26:43.202-05:00  INFO 13336 --- [SysVentas] [SpringApplicationShutdownHook] com.zaxxer.hikari.HikariDataSource       : HikariPool-1 - Shutdown initiated...
2025-11-27T01:26:43.208-05:00  INFO 13336 --- [SysVentas] [SpringApplicationShutdownHook] com.zaxxer.hikari.HikariDataSource       : HikariPool-1 - Shutdown completed.
2025-11-27T01:27:57.165-05:00  INFO 14912 --- [SysVentas] [JavaFX-Launcher] o.s.boot.SpringApplication               : Starting application using Java 17.0.17 with PID 14912 (started by user in C:\Users\user\Downloads\Trabajo-Unidad-01-usuario-dev-User\Trabajo-Unidad-01-usuario-dev-User\SysVentas)
2025-11-27T01:27:57.172-05:00  INFO 14912 --- [SysVentas] [JavaFX-Launcher] o.s.boot.SpringApplication               : No active profile set, falling back to 1 default profile: "default"
2025-11-27T01:27:58.751-05:00  INFO 14912 --- [SysVentas] [JavaFX-Launcher] .s.d.r.c.RepositoryConfigurationDelegate : Bootstrapping Spring Data JPA repositories in DEFAULT mode.
2025-11-27T01:27:58.986-05:00  INFO 14912 --- [SysVentas] [JavaFX-Launcher] .s.d.r.c.RepositoryConfigurationDelegate : Finished Spring Data repository scanning in 208 ms. Found 16 JPA repository interfaces.
2025-11-27T01:27:59.881-05:00  INFO 14912 --- [SysVentas] [JavaFX-Launcher] o.hibernate.jpa.internal.util.LogHelper  : HHH000204: Processing PersistenceUnitInfo [name: default]
2025-11-27T01:27:59.979-05:00  INFO 14912 --- [SysVentas] [JavaFX-Launcher] org.hibernate.Version                    : HHH000412: Hibernate ORM core version 6.6.29.Final
2025-11-27T01:28:00.018-05:00  INFO 14912 --- [SysVentas] [JavaFX-Launcher] o.h.c.internal.RegionFactoryInitiator    : HHH000026: Second-level cache disabled
2025-11-27T01:28:00.562-05:00  INFO 14912 --- [SysVentas] [JavaFX-Launcher] o.s.o.j.p.SpringPersistenceUnitInfo      : No LoadTimeWeaver setup: ignoring JPA class transformer
2025-11-27T01:28:00.612-05:00  INFO 14912 --- [SysVentas] [JavaFX-Launcher] com.zaxxer.hikari.HikariDataSource       : HikariPool-1 - Starting...
2025-11-27T01:28:00.991-05:00  INFO 14912 --- [SysVentas] [JavaFX-Launcher] com.zaxxer.hikari.pool.HikariPool        : HikariPool-1 - Added connection org.sqlite.jdbc4.JDBC4Connection@4ca1dfd7
2025-11-27T01:28:00.993-05:00  INFO 14912 --- [SysVentas] [JavaFX-Launcher] com.zaxxer.hikari.HikariDataSource       : HikariPool-1 - Start completed.
2025-11-27T01:28:01.081-05:00  INFO 14912 --- [SysVentas] [JavaFX-Launcher] org.hibernate.orm.connections.pooling    : HHH10001005: Database info:
	Database JDBC URL [Connecting through datasource 'HikariDataSource (HikariPool-1)']
	Database driver: undefined/unknown
	Database version: 3.46
	Autocommit mode: undefined/unknown
	Isolation level: undefined/unknown
	Minimum pool size: undefined/unknown
	Maximum pool size: undefined/unknown
2025-11-27T01:28:02.965-05:00  INFO 14912 --- [SysVentas] [JavaFX-Launcher] o.h.e.t.j.p.i.JtaPlatformInitiator       : HHH000489: No JTA platform available (set 'hibernate.transaction.jta.platform' to enable JTA platform integration)
2025-11-27T01:28:03.014-05:00  INFO 14912 --- [SysVentas] [JavaFX-Launcher] j.LocalContainerEntityManagerFactoryBean : Initialized JPA EntityManagerFactory for persistence unit 'default'
2025-11-27T01:28:03.524-05:00  INFO 14912 --- [SysVentas] [JavaFX-Launcher] o.s.d.j.r.query.QueryEnhancerFactory     : Hibernate is in classpath; If applicable, HQL parser will be used.
2025-11-27T01:28:04.998-05:00  INFO 14912 --- [SysVentas] [JavaFX-Launcher] o.s.boot.SpringApplication               : Started application in 8.92 seconds (process running for 9.986)
2025-11-27T01:28:51.733-05:00  WARN 14912 --- [SysVentas] [JavaFX Application Thread] javafx.css                               : CSS Error parsing '*{-fx-font-style: 22px; -fx-font-weight: bold;}: Expected '<font-style>' while parsing '-fx-font-style' at [1,18]
2025-11-27T01:31:41.337-05:00  INFO 14912 --- [SysVentas] [SpringApplicationShutdownHook] j.LocalContainerEntityManagerFactoryBean : Closing JPA EntityManagerFactory for persistence unit 'default'
2025-11-27T01:31:41.339-05:00  INFO 14912 --- [SysVentas] [SpringApplicationShutdownHook] com.zaxxer.hikari.HikariDataSource       : HikariPool-1 - Shutdown initiated...
2025-11-27T01:31:41.345-05:00  INFO 14912 --- [SysVentas] [SpringApplicationShutdownHook] com.zaxxer.hikari.HikariDataSource       : HikariPool-1 - Shutdown completed.
2025-11-27T01:38:49.285-05:00  INFO 13612 --- [SysVentas] [JavaFX-Launcher] o.s.boot.SpringApplication               : Starting application using Java 17.0.17 with PID 13612 (started by user in C:\Users\user\Downloads\Trabajo-Unidad-01-usuario-dev-User\Trabajo-Unidad-01-usuario-dev-User\SysVentas)
2025-11-27T01:38:49.295-05:00  INFO 13612 --- [SysVentas] [JavaFX-Launcher] o.s.boot.SpringApplication               : No active profile set, falling back to 1 default profile: "default"
2025-11-27T01:38:52.381-05:00  INFO 13612 --- [SysVentas] [JavaFX-Launcher] .s.d.r.c.RepositoryConfigurationDelegate : Bootstrapping Spring Data JPA repositories in DEFAULT mode.
2025-11-27T01:38:52.714-05:00  INFO 13612 --- [SysVentas] [JavaFX-Launcher] .s.d.r.c.RepositoryConfigurationDelegate : Finished Spring Data repository scanning in 307 ms. Found 16 JPA repository interfaces.
2025-11-27T01:38:54.570-05:00  INFO 13612 --- [SysVentas] [JavaFX-Launcher] o.hibernate.jpa.internal.util.LogHelper  : HHH000204: Processing PersistenceUnitInfo [name: default]
2025-11-27T01:38:54.762-05:00  INFO 13612 --- [SysVentas] [JavaFX-Launcher] org.hibernate.Version                    : HHH000412: Hibernate ORM core version 6.6.29.Final
2025-11-27T01:38:54.811-05:00  INFO 13612 --- [SysVentas] [JavaFX-Launcher] o.h.c.internal.RegionFactoryInitiator    : HHH000026: Second-level cache disabled
2025-11-27T01:38:55.467-05:00  INFO 13612 --- [SysVentas] [JavaFX-Launcher] o.s.o.j.p.SpringPersistenceUnitInfo      : No LoadTimeWeaver setup: ignoring JPA class transformer
2025-11-27T01:38:55.551-05:00  INFO 13612 --- [SysVentas] [JavaFX-Launcher] com.zaxxer.hikari.HikariDataSource       : HikariPool-1 - Starting...
2025-11-27T01:38:56.028-05:00  INFO 13612 --- [SysVentas] [JavaFX-Launcher] com.zaxxer.hikari.pool.HikariPool        : HikariPool-1 - Added connection org.sqlite.jdbc4.JDBC4Connection@74be3720
2025-11-27T01:38:56.032-05:00  INFO 13612 --- [SysVentas] [JavaFX-Launcher] com.zaxxer.hikari.HikariDataSource       : HikariPool-1 - Start completed.
2025-11-27T01:38:56.111-05:00  INFO 13612 --- [SysVentas] [JavaFX-Launcher] org.hibernate.orm.connections.pooling    : HHH10001005: Database info:
	Database JDBC URL [Connecting through datasource 'HikariDataSource (HikariPool-1)']
	Database driver: undefined/unknown
	Database version: 3.46
	Autocommit mode: undefined/unknown
	Isolation level: undefined/unknown
	Minimum pool size: undefined/unknown
	Maximum pool size: undefined/unknown
2025-11-27T01:39:00.511-05:00  INFO 13612 --- [SysVentas] [JavaFX-Launcher] o.h.e.t.j.p.i.JtaPlatformInitiator       : HHH000489: No JTA platform available (set 'hibernate.transaction.jta.platform' to enable JTA platform integration)
2025-11-27T01:39:00.594-05:00  INFO 13612 --- [SysVentas] [JavaFX-Launcher] j.LocalContainerEntityManagerFactoryBean : Initialized JPA EntityManagerFactory for persistence unit 'default'
2025-11-27T01:39:01.721-05:00  INFO 13612 --- [SysVentas] [JavaFX-Launcher] o.s.d.j.r.query.QueryEnhancerFactory     : Hibernate is in classpath; If applicable, HQL parser will be used.
2025-11-27T01:39:05.427-05:00  INFO 13612 --- [SysVentas] [JavaFX-Launcher] o.s.boot.SpringApplication               : Started application in 17.904 seconds (process running for 19.67)
2025-11-27T01:44:07.709-05:00  WARN 13612 --- [SysVentas] [JavaFX Application Thread] javafx.css                               : CSS Error parsing '*{-fx-font-style: 22px; -fx-font-weight: bold;}: Expected '<font-style>' while parsing '-fx-font-style' at [1,18]
2025-11-27T02:22:02.187-05:00  INFO 13612 --- [SysVentas] [SpringApplicationShutdownHook] j.LocalContainerEntityManagerFactoryBean : Closing JPA EntityManagerFactory for persistence unit 'default'
2025-11-27T02:22:02.190-05:00  INFO 13612 --- [SysVentas] [SpringApplicationShutdownHook] com.zaxxer.hikari.HikariDataSource       : HikariPool-1 - Shutdown initiated...
2025-11-27T02:22:02.194-05:00  INFO 13612 --- [SysVentas] [SpringApplicationShutdownHook] com.zaxxer.hikari.HikariDataSource       : HikariPool-1 - Shutdown completed.
2025-11-27T08:13:52.535-05:00  INFO 3912 --- [SysVentas] [JavaFX-Launcher] o.s.boot.SpringApplication               : Starting application using Java 17.0.17 with PID 3912 (started by user in C:\Users\user\Downloads\Trabajo-Unidad-01-usuario-dev-User\Trabajo-Unidad-01-usuario-dev-User\SysVentas)
2025-11-27T08:13:52.551-05:00  INFO 3912 --- [SysVentas] [JavaFX-Launcher] o.s.boot.SpringApplication               : No active profile set, falling back to 1 default profile: "default"
2025-11-27T08:13:55.706-05:00  INFO 3912 --- [SysVentas] [JavaFX-Launcher] .s.d.r.c.RepositoryConfigurationDelegate : Bootstrapping Spring Data JPA repositories in DEFAULT mode.
2025-11-27T08:13:55.885-05:00  INFO 3912 --- [SysVentas] [JavaFX-Launcher] .s.d.r.c.RepositoryConfigurationDelegate : Finished Spring Data repository scanning in 154 ms. Found 16 JPA repository interfaces.
2025-11-27T08:13:56.763-05:00  INFO 3912 --- [SysVentas] [JavaFX-Launcher] o.hibernate.jpa.internal.util.LogHelper  : HHH000204: Processing PersistenceUnitInfo [name: default]
2025-11-27T08:13:56.861-05:00  INFO 3912 --- [SysVentas] [JavaFX-Launcher] org.hibernate.Version                    : HHH000412: Hibernate ORM core version 6.6.29.Final
2025-11-27T08:13:56.919-05:00  INFO 3912 --- [SysVentas] [JavaFX-Launcher] o.h.c.internal.RegionFactoryInitiator    : HHH000026: Second-level cache disabled
2025-11-27T08:13:58.419-05:00  INFO 3912 --- [SysVentas] [JavaFX-Launcher] o.s.o.j.p.SpringPersistenceUnitInfo      : No LoadTimeWeaver setup: ignoring JPA class transformer
2025-11-27T08:13:58.566-05:00  INFO 3912 --- [SysVentas] [JavaFX-Launcher] com.zaxxer.hikari.HikariDataSource       : HikariPool-1 - Starting...
2025-11-27T08:13:59.611-05:00  INFO 3912 --- [SysVentas] [JavaFX-Launcher] com.zaxxer.hikari.pool.HikariPool        : HikariPool-1 - Added connection org.sqlite.jdbc4.JDBC4Connection@35082169
2025-11-27T08:13:59.617-05:00  INFO 3912 --- [SysVentas] [JavaFX-Launcher] com.zaxxer.hikari.HikariDataSource       : HikariPool-1 - Start completed.
2025-11-27T08:13:59.822-05:00  INFO 3912 --- [SysVentas] [JavaFX-Launcher] org.hibernate.orm.connections.pooling    : HHH10001005: Database info:
	Database JDBC URL [Connecting through datasource 'HikariDataSource (HikariPool-1)']
	Database driver: undefined/unknown
	Database version: 3.46
	Autocommit mode: undefined/unknown
	Isolation level: undefined/unknown
	Minimum pool size: undefined/unknown
	Maximum pool size: undefined/unknown
2025-11-27T08:14:03.302-05:00  INFO 3912 --- [SysVentas] [JavaFX-Launcher] o.h.e.t.j.p.i.JtaPlatformInitiator       : HHH000489: No JTA platform available (set 'hibernate.transaction.jta.platform' to enable JTA platform integration)
2025-11-27T08:14:03.378-05:00  INFO 3912 --- [SysVentas] [JavaFX-Launcher] j.LocalContainerEntityManagerFactoryBean : Initialized JPA EntityManagerFactory for persistence unit 'default'
2025-11-27T08:14:03.932-05:00  INFO 3912 --- [SysVentas] [JavaFX-Launcher] o.s.d.j.r.query.QueryEnhancerFactory     : Hibernate is in classpath; If applicable, HQL parser will be used.
2025-11-27T08:14:08.651-05:00  INFO 3912 --- [SysVentas] [JavaFX-Launcher] o.s.boot.SpringApplication               : Started application in 18.98 seconds (process running for 20.26)
2025-11-27T08:22:11.112-05:00  WARN 3912 --- [SysVentas] [JavaFX Application Thread] o.h.engine.jdbc.spi.SqlExceptionHelper   : SQL Error: 19, SQLState: null
2025-11-27T08:22:11.112-05:00 ERROR 3912 --- [SysVentas] [JavaFX Application Thread] o.h.engine.jdbc.spi.SqlExceptionHelper   : [SQLITE_CONSTRAINT_UNIQUE] A UNIQUE constraint failed (UNIQUE constraint failed: upeu_usuario.user)
2025-11-27T08:22:21.313-05:00  WARN 3912 --- [SysVentas] [JavaFX Application Thread] o.h.engine.jdbc.spi.SqlExceptionHelper   : SQL Error: 19, SQLState: null
2025-11-27T08:22:21.313-05:00 ERROR 3912 --- [SysVentas] [JavaFX Application Thread] o.h.engine.jdbc.spi.SqlExceptionHelper   : [SQLITE_CONSTRAINT_UNIQUE] A UNIQUE constraint failed (UNIQUE constraint failed: upeu_usuario.user)
2025-11-27T08:35:12.032-05:00  INFO 3912 --- [SysVentas] [SpringApplicationShutdownHook] j.LocalContainerEntityManagerFactoryBean : Closing JPA EntityManagerFactory for persistence unit 'default'
2025-11-27T08:35:12.036-05:00  INFO 3912 --- [SysVentas] [SpringApplicationShutdownHook] com.zaxxer.hikari.HikariDataSource       : HikariPool-1 - Shutdown initiated...
2025-11-27T08:35:12.040-05:00  INFO 3912 --- [SysVentas] [SpringApplicationShutdownHook] com.zaxxer.hikari.HikariDataSource       : HikariPool-1 - Shutdown completed.
2025-11-27T08:35:44.963-05:00  INFO 14304 --- [SysVentas] [JavaFX-Launcher] o.s.boot.SpringApplication               : Starting application using Java 17.0.17 with PID 14304 (started by user in C:\Users\user\Downloads\Trabajo-Unidad-01-usuario-dev-User\Trabajo-Unidad-01-usuario-dev-User\SysVentas)
2025-11-27T08:35:44.971-05:00  INFO 14304 --- [SysVentas] [JavaFX-Launcher] o.s.boot.SpringApplication               : No active profile set, falling back to 1 default profile: "default"
2025-11-27T08:35:48.337-05:00  INFO 14304 --- [SysVentas] [JavaFX-Launcher] .s.d.r.c.RepositoryConfigurationDelegate : Bootstrapping Spring Data JPA repositories in DEFAULT mode.
2025-11-27T08:35:48.521-05:00  INFO 14304 --- [SysVentas] [JavaFX-Launcher] .s.d.r.c.RepositoryConfigurationDelegate : Finished Spring Data repository scanning in 164 ms. Found 16 JPA repository interfaces.
2025-11-27T08:35:49.352-05:00  INFO 14304 --- [SysVentas] [JavaFX-Launcher] o.hibernate.jpa.internal.util.LogHelper  : HHH000204: Processing PersistenceUnitInfo [name: default]
2025-11-27T08:35:49.430-05:00  INFO 14304 --- [SysVentas] [JavaFX-Launcher] org.hibernate.Version                    : HHH000412: Hibernate ORM core version 6.6.29.Final
2025-11-27T08:35:49.464-05:00  INFO 14304 --- [SysVentas] [JavaFX-Launcher] o.h.c.internal.RegionFactoryInitiator    : HHH000026: Second-level cache disabled
2025-11-27T08:35:49.921-05:00  INFO 14304 --- [SysVentas] [JavaFX-Launcher] o.s.o.j.p.SpringPersistenceUnitInfo      : No LoadTimeWeaver setup: ignoring JPA class transformer
2025-11-27T08:35:49.967-05:00  INFO 14304 --- [SysVentas] [JavaFX-Launcher] com.zaxxer.hikari.HikariDataSource       : HikariPool-1 - Starting...
2025-11-27T08:35:50.258-05:00  INFO 14304 --- [SysVentas] [JavaFX-Launcher] com.zaxxer.hikari.pool.HikariPool        : HikariPool-1 - Added connection org.sqlite.jdbc4.JDBC4Connection@202b78e9
2025-11-27T08:35:50.263-05:00  INFO 14304 --- [SysVentas] [JavaFX-Launcher] com.zaxxer.hikari.HikariDataSource       : HikariPool-1 - Start completed.
2025-11-27T08:35:50.340-05:00  INFO 14304 --- [SysVentas] [JavaFX-Launcher] org.hibernate.orm.connections.pooling    : HHH10001005: Database info:
	Database JDBC URL [Connecting through datasource 'HikariDataSource (HikariPool-1)']
	Database driver: undefined/unknown
	Database version: 3.46
	Autocommit mode: undefined/unknown
	Isolation level: undefined/unknown
	Minimum pool size: undefined/unknown
	Maximum pool size: undefined/unknown
2025-11-27T08:35:52.432-05:00  INFO 14304 --- [SysVentas] [JavaFX-Launcher] o.h.e.t.j.p.i.JtaPlatformInitiator       : HHH000489: No JTA platform available (set 'hibernate.transaction.jta.platform' to enable JTA platform integration)
2025-11-27T08:35:52.483-05:00  INFO 14304 --- [SysVentas] [JavaFX-Launcher] j.LocalContainerEntityManagerFactoryBean : Initialized JPA EntityManagerFactory for persistence unit 'default'
2025-11-27T08:35:52.951-05:00  INFO 14304 --- [SysVentas] [JavaFX-Launcher] o.s.d.j.r.query.QueryEnhancerFactory     : Hibernate is in classpath; If applicable, HQL parser will be used.
2025-11-27T08:35:54.407-05:00  INFO 14304 --- [SysVentas] [JavaFX-Launcher] o.s.boot.SpringApplication               : Started application in 10.549 seconds (process running for 17.839)
2025-11-27T08:39:50.499-05:00  WARN 14304 --- [SysVentas] [JavaFX Application Thread] javafx.css                               : CSS Error parsing '*{-fx-font-style: 22px; -fx-font-weight: bold;}: Expected '<font-style>' while parsing '-fx-font-style' at [1,18]
2025-11-27T09:02:20.844-05:00  INFO 14304 --- [SysVentas] [SpringApplicationShutdownHook] j.LocalContainerEntityManagerFactoryBean : Closing JPA EntityManagerFactory for persistence unit 'default'
2025-11-27T09:02:20.846-05:00  INFO 14304 --- [SysVentas] [SpringApplicationShutdownHook] com.zaxxer.hikari.HikariDataSource       : HikariPool-1 - Shutdown initiated...
2025-11-27T09:02:20.849-05:00  INFO 14304 --- [SysVentas] [SpringApplicationShutdownHook] com.zaxxer.hikari.HikariDataSource       : HikariPool-1 - Shutdown completed.
2025-11-27T09:02:26.462-05:00  INFO 2724 --- [SysVentas] [JavaFX-Launcher] o.s.boot.SpringApplication               : Starting application using Java 17.0.17 with PID 2724 (started by user in C:\Users\user\Downloads\Trabajo-Unidad-01-usuario-dev-User\Trabajo-Unidad-01-usuario-dev-User\SysVentas)
2025-11-27T09:02:26.467-05:00  INFO 2724 --- [SysVentas] [JavaFX-Launcher] o.s.boot.SpringApplication               : No active profile set, falling back to 1 default profile: "default"
2025-11-27T09:02:27.270-05:00  INFO 2724 --- [SysVentas] [JavaFX-Launcher] .s.d.r.c.RepositoryConfigurationDelegate : Bootstrapping Spring Data JPA repositories in DEFAULT mode.
2025-11-27T09:02:27.384-05:00  INFO 2724 --- [SysVentas] [JavaFX-Launcher] .s.d.r.c.RepositoryConfigurationDelegate : Finished Spring Data repository scanning in 103 ms. Found 16 JPA repository interfaces.
2025-11-27T09:02:27.801-05:00  INFO 2724 --- [SysVentas] [JavaFX-Launcher] o.hibernate.jpa.internal.util.LogHelper  : HHH000204: Processing PersistenceUnitInfo [name: default]
2025-11-27T09:02:27.852-05:00  INFO 2724 --- [SysVentas] [JavaFX-Launcher] org.hibernate.Version                    : HHH000412: Hibernate ORM core version 6.6.29.Final
2025-11-27T09:02:27.880-05:00  INFO 2724 --- [SysVentas] [JavaFX-Launcher] o.h.c.internal.RegionFactoryInitiator    : HHH000026: Second-level cache disabled
2025-11-27T09:02:28.217-05:00  INFO 2724 --- [SysVentas] [JavaFX-Launcher] o.s.o.j.p.SpringPersistenceUnitInfo      : No LoadTimeWeaver setup: ignoring JPA class transformer
2025-11-27T09:02:28.256-05:00  INFO 2724 --- [SysVentas] [JavaFX-Launcher] com.zaxxer.hikari.HikariDataSource       : HikariPool-1 - Starting...
2025-11-27T09:02:28.478-05:00  INFO 2724 --- [SysVentas] [JavaFX-Launcher] com.zaxxer.hikari.pool.HikariPool        : HikariPool-1 - Added connection org.sqlite.jdbc4.JDBC4Connection@147afc16
2025-11-27T09:02:28.479-05:00  INFO 2724 --- [SysVentas] [JavaFX-Launcher] com.zaxxer.hikari.HikariDataSource       : HikariPool-1 - Start completed.
2025-11-27T09:02:28.532-05:00  INFO 2724 --- [SysVentas] [JavaFX-Launcher] org.hibernate.orm.connections.pooling    : HHH10001005: Database info:
	Database JDBC URL [Connecting through datasource 'HikariDataSource (HikariPool-1)']
	Database driver: undefined/unknown
	Database version: 3.46
	Autocommit mode: undefined/unknown
	Isolation level: undefined/unknown
	Minimum pool size: undefined/unknown
	Maximum pool size: undefined/unknown
2025-11-27T09:02:29.759-05:00  INFO 2724 --- [SysVentas] [JavaFX-Launcher] o.h.e.t.j.p.i.JtaPlatformInitiator       : HHH000489: No JTA platform available (set 'hibernate.transaction.jta.platform' to enable JTA platform integration)
2025-11-27T09:02:29.798-05:00  INFO 2724 --- [SysVentas] [JavaFX-Launcher] j.LocalContainerEntityManagerFactoryBean : Initialized JPA EntityManagerFactory for persistence unit 'default'
2025-11-27T09:02:30.086-05:00  INFO 2724 --- [SysVentas] [JavaFX-Launcher] o.s.d.j.r.query.QueryEnhancerFactory     : Hibernate is in classpath; If applicable, HQL parser will be used.
2025-11-27T09:02:31.034-05:00  INFO 2724 --- [SysVentas] [JavaFX-Launcher] o.s.boot.SpringApplication               : Started application in 5.153 seconds (process running for 5.888)
2025-11-27T09:03:00.775-05:00  INFO 2724 --- [SysVentas] [SpringApplicationShutdownHook] j.LocalContainerEntityManagerFactoryBean : Closing JPA EntityManagerFactory for persistence unit 'default'
2025-11-27T09:03:00.778-05:00  INFO 2724 --- [SysVentas] [SpringApplicationShutdownHook] com.zaxxer.hikari.HikariDataSource       : HikariPool-1 - Shutdown initiated...
2025-11-27T09:03:00.781-05:00  INFO 2724 --- [SysVentas] [SpringApplicationShutdownHook] com.zaxxer.hikari.HikariDataSource       : HikariPool-1 - Shutdown completed.
2025-11-27T09:03:16.989-05:00  INFO 15916 --- [SysVentas] [JavaFX-Launcher] o.s.boot.SpringApplication               : Starting application using Java 17.0.17 with PID 15916 (started by user in C:\Users\user\Downloads\Trabajo-Unidad-01-usuario-dev-User\Trabajo-Unidad-01-usuario-dev-User\SysVentas)
2025-11-27T09:03:16.992-05:00  INFO 15916 --- [SysVentas] [JavaFX-Launcher] o.s.boot.SpringApplication               : No active profile set, falling back to 1 default profile: "default"
2025-11-27T09:03:17.752-05:00  INFO 15916 --- [SysVentas] [JavaFX-Launcher] .s.d.r.c.RepositoryConfigurationDelegate : Bootstrapping Spring Data JPA repositories in DEFAULT mode.
2025-11-27T09:03:17.859-05:00  INFO 15916 --- [SysVentas] [JavaFX-Launcher] .s.d.r.c.RepositoryConfigurationDelegate : Finished Spring Data repository scanning in 95 ms. Found 16 JPA repository interfaces.
2025-11-27T09:03:18.287-05:00  INFO 15916 --- [SysVentas] [JavaFX-Launcher] o.hibernate.jpa.internal.util.LogHelper  : HHH000204: Processing PersistenceUnitInfo [name: default]
2025-11-27T09:03:18.351-05:00  INFO 15916 --- [SysVentas] [JavaFX-Launcher] org.hibernate.Version                    : HHH000412: Hibernate ORM core version 6.6.29.Final
2025-11-27T09:03:18.377-05:00  INFO 15916 --- [SysVentas] [JavaFX-Launcher] o.h.c.internal.RegionFactoryInitiator    : HHH000026: Second-level cache disabled
2025-11-27T09:03:18.728-05:00  INFO 15916 --- [SysVentas] [JavaFX-Launcher] o.s.o.j.p.SpringPersistenceUnitInfo      : No LoadTimeWeaver setup: ignoring JPA class transformer
2025-11-27T09:03:18.764-05:00  INFO 15916 --- [SysVentas] [JavaFX-Launcher] com.zaxxer.hikari.HikariDataSource       : HikariPool-1 - Starting...
2025-11-27T09:03:18.956-05:00  INFO 15916 --- [SysVentas] [JavaFX-Launcher] com.zaxxer.hikari.pool.HikariPool        : HikariPool-1 - Added connection org.sqlite.jdbc4.JDBC4Connection@7dd5dd0a
2025-11-27T09:03:18.958-05:00  INFO 15916 --- [SysVentas] [JavaFX-Launcher] com.zaxxer.hikari.HikariDataSource       : HikariPool-1 - Start completed.
2025-11-27T09:03:19.011-05:00  INFO 15916 --- [SysVentas] [JavaFX-Launcher] org.hibernate.orm.connections.pooling    : HHH10001005: Database info:
	Database JDBC URL [Connecting through datasource 'HikariDataSource (HikariPool-1)']
	Database driver: undefined/unknown
	Database version: 3.46
	Autocommit mode: undefined/unknown
	Isolation level: undefined/unknown
	Minimum pool size: undefined/unknown
	Maximum pool size: undefined/unknown
2025-11-27T09:03:20.371-05:00  INFO 15916 --- [SysVentas] [JavaFX-Launcher] o.h.e.t.j.p.i.JtaPlatformInitiator       : HHH000489: No JTA platform available (set 'hibernate.transaction.jta.platform' to enable JTA platform integration)
2025-11-27T09:03:20.411-05:00  INFO 15916 --- [SysVentas] [JavaFX-Launcher] j.LocalContainerEntityManagerFactoryBean : Initialized JPA EntityManagerFactory for persistence unit 'default'
2025-11-27T09:03:20.693-05:00  INFO 15916 --- [SysVentas] [JavaFX-Launcher] o.s.d.j.r.query.QueryEnhancerFactory     : Hibernate is in classpath; If applicable, HQL parser will be used.
2025-11-27T09:03:21.565-05:00  INFO 15916 --- [SysVentas] [JavaFX-Launcher] o.s.boot.SpringApplication               : Started application in 5.144 seconds (process running for 5.836)
2025-11-27T11:04:16.036-05:00  WARN 15916 --- [SysVentas] [HikariPool-1:housekeeper] com.zaxxer.hikari.pool.HikariPool        : HikariPool-1 - Thread starvation or clock leap detected (housekeeper delta=28m25s513ms672µs200ns).
2025-11-27T11:06:03.326-05:00  INFO 15916 --- [SysVentas] [SpringApplicationShutdownHook] j.LocalContainerEntityManagerFactoryBean : Closing JPA EntityManagerFactory for persistence unit 'default'
2025-11-27T11:06:03.329-05:00  INFO 15916 --- [SysVentas] [SpringApplicationShutdownHook] com.zaxxer.hikari.HikariDataSource       : HikariPool-1 - Shutdown initiated...
2025-11-27T11:06:03.329-05:00  INFO 15916 --- [SysVentas] [SpringApplicationShutdownHook] com.zaxxer.hikari.HikariDataSource       : HikariPool-1 - Shutdown completed.
